<?xml version="1.0" encoding="ISO-8859-1" ?>
<link_info>
   <banner>TI ARM Clang Linker PC v4.0.4.LTS</banner>
   <copyright>Copyright (c) 1996-2018 Texas Instruments Incorporated</copyright>
   <command_line>D:\CCS\ccs\tools\compiler\ti-cgt-armllvm_4.0.4.LTS\bin\tiarmlnk -ID:\CCS\ccs\tools\compiler\ti-cgt-armllvm_4.0.4.LTS\lib -o 01_LED_completed.out -m01_LED_completed.map -iD:/CCS/mspm0_sdk_2_10_00_04/source -iD:/TI/tidaima -iD:/TI/tidaima/Debug/syscfg -iD:/CCS/ccs/tools/compiler/ti-cgt-armllvm_4.0.4.LTS/lib --diag_wrap=off --display_error_number --warn_sections --xml_link_info=01_LED_completed_linkInfo.xml --rom_model ./empty.o ./ti_msp_dl_config.o ./startup_mspm0g350x_ticlang.o ./APP/LINE_FOLLOW/line_follow.o ./APP/PID/pid.o ./HARDWARE/BUTTON/button.o ./HARDWARE/ENCODER/encoder.o ./HARDWARE/I2C/i2c.o ./HARDWARE/LED/led.o ./HARDWARE/MOTOR/motor.o ./HARDWARE/OLED/oled.o ./HARDWARE/TIMER/timer.o -l./device_linker.cmd -ldevice.cmd.genlibs -llibc.a --start-group -llibc++.a -llibc++abi.a -llibc.a -llibsys.a -llibsysbm.a -llibclang_rt.builtins.a -llibclang_rt.profile.a --end-group --cg_opt_level=2</command_line>
   <link_time>0x6a68c2fd</link_time>
   <link_errors>0x0</link_errors>
   <output_file>D:\TI\tidaima\Debug\01_LED_completed.out</output_file>
   <entry_point>
      <name>_c_int00_noargs</name>
      <address>0x64a9</address>
   </entry_point>
   <input_file_list>
      <input_file id="fl-1">
         <path>D:\TI\tidaima\Debug\.\</path>
         <kind>object</kind>
         <file>empty.o</file>
         <name>empty.o</name>
      </input_file>
      <input_file id="fl-2">
         <path>D:\TI\tidaima\Debug\.\</path>
         <kind>object</kind>
         <file>ti_msp_dl_config.o</file>
         <name>ti_msp_dl_config.o</name>
      </input_file>
      <input_file id="fl-3">
         <path>D:\TI\tidaima\Debug\.\</path>
         <kind>object</kind>
         <file>startup_mspm0g350x_ticlang.o</file>
         <name>startup_mspm0g350x_ticlang.o</name>
      </input_file>
      <input_file id="fl-4">
         <path>D:\TI\tidaima\Debug\.\APP\LINE_FOLLOW\</path>
         <kind>object</kind>
         <file>line_follow.o</file>
         <name>line_follow.o</name>
      </input_file>
      <input_file id="fl-5">
         <path>D:\TI\tidaima\Debug\.\APP\PID\</path>
         <kind>object</kind>
         <file>pid.o</file>
         <name>pid.o</name>
      </input_file>
      <input_file id="fl-6">
         <path>D:\TI\tidaima\Debug\.\HARDWARE\BUTTON\</path>
         <kind>object</kind>
         <file>button.o</file>
         <name>button.o</name>
      </input_file>
      <input_file id="fl-7">
         <path>D:\TI\tidaima\Debug\.\HARDWARE\ENCODER\</path>
         <kind>object</kind>
         <file>encoder.o</file>
         <name>encoder.o</name>
      </input_file>
      <input_file id="fl-8">
         <path>D:\TI\tidaima\Debug\.\HARDWARE\I2C\</path>
         <kind>object</kind>
         <file>i2c.o</file>
         <name>i2c.o</name>
      </input_file>
      <input_file id="fl-9">
         <path>D:\TI\tidaima\Debug\.\HARDWARE\LED\</path>
         <kind>object</kind>
         <file>led.o</file>
         <name>led.o</name>
      </input_file>
      <input_file id="fl-a">
         <path>D:\TI\tidaima\Debug\.\HARDWARE\MOTOR\</path>
         <kind>object</kind>
         <file>motor.o</file>
         <name>motor.o</name>
      </input_file>
      <input_file id="fl-b">
         <path>D:\TI\tidaima\Debug\.\HARDWARE\OLED\</path>
         <kind>object</kind>
         <file>oled.o</file>
         <name>oled.o</name>
      </input_file>
      <input_file id="fl-c">
         <path>D:\TI\tidaima\Debug\.\HARDWARE\TIMER\</path>
         <kind>object</kind>
         <file>timer.o</file>
         <name>timer.o</name>
      </input_file>
      <input_file id="fl-19">
         <path>D:\TI\tidaima\Debug\</path>
         <kind>object</kind>
         <file>&lt;internal&gt;</file>
         <name>&lt;internal&gt;</name>
      </input_file>
      <input_file id="fl-1a">
         <path>D:\CCS\mspm0_sdk_2_10_00_04\source\ti\driverlib\lib\ticlang\m0p\mspm0g1x0x_g3x0x\</path>
         <kind>archive</kind>
         <file>driverlib.a</file>
         <name>dl_common.o</name>
      </input_file>
      <input_file id="fl-1b">
         <path>D:\CCS\mspm0_sdk_2_10_00_04\source\ti\driverlib\lib\ticlang\m0p\mspm0g1x0x_g3x0x\</path>
         <kind>archive</kind>
         <file>driverlib.a</file>
         <name>dl_i2c.o</name>
      </input_file>
      <input_file id="fl-1c">
         <path>D:\CCS\mspm0_sdk_2_10_00_04\source\ti\driverlib\lib\ticlang\m0p\mspm0g1x0x_g3x0x\</path>
         <kind>archive</kind>
         <file>driverlib.a</file>
         <name>dl_timer.o</name>
      </input_file>
      <input_file id="fl-1d">
         <path>D:\CCS\mspm0_sdk_2_10_00_04\source\ti\driverlib\lib\ticlang\m0p\mspm0g1x0x_g3x0x\</path>
         <kind>archive</kind>
         <file>driverlib.a</file>
         <name>dl_sysctl_mspm0g1x0x_g3x0x.o</name>
      </input_file>
      <input_file id="fl-34">
         <path>D:\CCS\ccs\tools\compiler\ti-cgt-armllvm_4.0.4.LTS\lib\armv6m-ti-none-eabi\c\</path>
         <kind>archive</kind>
         <file>libc.a</file>
         <name>boot_cortex_m.c.obj</name>
      </input_file>
      <input_file id="fl-35">
         <path>D:\CCS\ccs\tools\compiler\ti-cgt-armllvm_4.0.4.LTS\lib\armv6m-ti-none-eabi\c\</path>
         <kind>archive</kind>
         <file>libc.a</file>
         <name>mathacl_init.c.obj</name>
      </input_file>
      <input_file id="fl-36">
         <path>D:\CCS\ccs\tools\compiler\ti-cgt-armllvm_4.0.4.LTS\lib\armv6m-ti-none-eabi\c\</path>
         <kind>archive</kind>
         <file>libc.a</file>
         <name>autoinit.c.obj</name>
      </input_file>
      <input_file id="fl-37">
         <path>D:\CCS\ccs\tools\compiler\ti-cgt-armllvm_4.0.4.LTS\lib\armv6m-ti-none-eabi\c\</path>
         <kind>archive</kind>
         <file>libc.a</file>
         <name>pre_init.c.obj</name>
      </input_file>
      <input_file id="fl-38">
         <path>D:\CCS\ccs\tools\compiler\ti-cgt-armllvm_4.0.4.LTS\lib\armv6m-ti-none-eabi\c\</path>
         <kind>archive</kind>
         <file>libc.a</file>
         <name>cpy_tbl.c.obj</name>
      </input_file>
      <input_file id="fl-39">
         <path>D:\CCS\ccs\tools\compiler\ti-cgt-armllvm_4.0.4.LTS\lib\armv6m-ti-none-eabi\c\</path>
         <kind>archive</kind>
         <file>libc.a</file>
         <name>copy_zero_init.c.obj</name>
      </input_file>
      <input_file id="fl-3a">
         <path>D:\CCS\ccs\tools\compiler\ti-cgt-armllvm_4.0.4.LTS\lib\armv6m-ti-none-eabi\c\</path>
         <kind>archive</kind>
         <file>libc.a</file>
         <name>copy_decompress_none.c.obj</name>
      </input_file>
      <input_file id="fl-3b">
         <path>D:\CCS\ccs\tools\compiler\ti-cgt-armllvm_4.0.4.LTS\lib\armv6m-ti-none-eabi\c\</path>
         <kind>archive</kind>
         <file>libc.a</file>
         <name>copy_decompress_lzss.c.obj</name>
      </input_file>
      <input_file id="fl-3c">
         <path>D:\CCS\ccs\tools\compiler\ti-cgt-armllvm_4.0.4.LTS\lib\armv6m-ti-none-eabi\c\</path>
         <kind>archive</kind>
         <file>libc.a</file>
         <name>exit.c.obj</name>
      </input_file>
      <input_file id="fl-3d">
         <path>D:\CCS\ccs\tools\compiler\ti-cgt-armllvm_4.0.4.LTS\lib\armv6m-ti-none-eabi\c\</path>
         <kind>archive</kind>
         <file>libc.a</file>
         <name>_lock.c.obj</name>
      </input_file>
      <input_file id="fl-3e">
         <path>D:\CCS\ccs\tools\compiler\ti-cgt-armllvm_4.0.4.LTS\lib\armv6m-ti-none-eabi\c\</path>
         <kind>archive</kind>
         <file>libc.a</file>
         <name>args_main.c.obj</name>
      </input_file>
      <input_file id="fl-de">
         <path>D:\CCS\ccs\tools\compiler\ti-cgt-armllvm_4.0.4.LTS\lib\armv6m-ti-none-eabi\c\</path>
         <kind>archive</kind>
         <file>libsysbm.a</file>
         <name>hostexit.c.obj</name>
      </input_file>
      <input_file id="fl-df">
         <path>D:\CCS\ccs\tools\compiler\ti-cgt-armllvm_4.0.4.LTS\lib\armv6m-ti-none-eabi\</path>
         <kind>archive</kind>
         <file>libclang_rt.builtins.a</file>
         <name>addsf3.S.obj</name>
      </input_file>
      <input_file id="fl-e0">
         <path>D:\CCS\ccs\tools\compiler\ti-cgt-armllvm_4.0.4.LTS\lib\armv6m-ti-none-eabi\</path>
         <kind>archive</kind>
         <file>libclang_rt.builtins.a</file>
         <name>mulsf3.S.obj</name>
      </input_file>
      <input_file id="fl-e1">
         <path>D:\CCS\ccs\tools\compiler\ti-cgt-armllvm_4.0.4.LTS\lib\armv6m-ti-none-eabi\</path>
         <kind>archive</kind>
         <file>libclang_rt.builtins.a</file>
         <name>divsf3.S.obj</name>
      </input_file>
      <input_file id="fl-e2">
         <path>D:\CCS\ccs\tools\compiler\ti-cgt-armllvm_4.0.4.LTS\lib\armv6m-ti-none-eabi\</path>
         <kind>archive</kind>
         <file>libclang_rt.builtins.a</file>
         <name>fixsfsi.S.obj</name>
      </input_file>
      <input_file id="fl-e3">
         <path>D:\CCS\ccs\tools\compiler\ti-cgt-armllvm_4.0.4.LTS\lib\armv6m-ti-none-eabi\</path>
         <kind>archive</kind>
         <file>libclang_rt.builtins.a</file>
         <name>floatsisf.S.obj</name>
      </input_file>
      <input_file id="fl-e4">
         <path>D:\CCS\ccs\tools\compiler\ti-cgt-armllvm_4.0.4.LTS\lib\armv6m-ti-none-eabi\</path>
         <kind>archive</kind>
         <file>libclang_rt.builtins.a</file>
         <name>floatunsisf.S.obj</name>
      </input_file>
      <input_file id="fl-e5">
         <path>D:\CCS\ccs\tools\compiler\ti-cgt-armllvm_4.0.4.LTS\lib\armv6m-ti-none-eabi\</path>
         <kind>archive</kind>
         <file>libclang_rt.builtins.a</file>
         <name>aeabi_fcmp.S.obj</name>
      </input_file>
      <input_file id="fl-e6">
         <path>D:\CCS\ccs\tools\compiler\ti-cgt-armllvm_4.0.4.LTS\lib\armv6m-ti-none-eabi\</path>
         <kind>archive</kind>
         <file>libclang_rt.builtins.a</file>
         <name>aeabi_memcpy.S.obj</name>
      </input_file>
      <input_file id="fl-e7">
         <path>D:\CCS\ccs\tools\compiler\ti-cgt-armllvm_4.0.4.LTS\lib\armv6m-ti-none-eabi\</path>
         <kind>archive</kind>
         <file>libclang_rt.builtins.a</file>
         <name>aeabi_memset.S.obj</name>
      </input_file>
      <input_file id="fl-e8">
         <path>D:\CCS\ccs\tools\compiler\ti-cgt-armllvm_4.0.4.LTS\lib\armv6m-ti-none-eabi\</path>
         <kind>archive</kind>
         <file>libclang_rt.builtins.a</file>
         <name>aeabi_uidivmod.S.obj</name>
      </input_file>
      <input_file id="fl-e9">
         <path>D:\CCS\ccs\tools\compiler\ti-cgt-armllvm_4.0.4.LTS\lib\armv6m-ti-none-eabi\</path>
         <kind>archive</kind>
         <file>libclang_rt.builtins.a</file>
         <name>comparesf2.S.obj</name>
      </input_file>
      <input_file id="fl-ea">
         <path>D:\CCS\ccs\tools\compiler\ti-cgt-armllvm_4.0.4.LTS\lib\armv6m-ti-none-eabi\</path>
         <kind>archive</kind>
         <file>libclang_rt.builtins.a</file>
         <name>muldsi3.S.obj</name>
      </input_file>
      <input_file id="fl-eb">
         <path>D:\CCS\ccs\tools\compiler\ti-cgt-armllvm_4.0.4.LTS\lib\armv6m-ti-none-eabi\</path>
         <kind>archive</kind>
         <file>libclang_rt.builtins.a</file>
         <name>aeabi_div0.c.obj</name>
      </input_file>
      <input_file id="fl-ec">
         <path>D:\CCS\ccs\tools\compiler\ti-cgt-armllvm_4.0.4.LTS\lib\armv6m-ti-none-eabi\c\</path>
         <kind>archive</kind>
         <file>libc.a</file>
         <name>memcpy16.S.obj</name>
      </input_file>
      <input_file id="fl-ed">
         <path>D:\CCS\ccs\tools\compiler\ti-cgt-armllvm_4.0.4.LTS\lib\armv6m-ti-none-eabi\c\</path>
         <kind>archive</kind>
         <file>libc.a</file>
         <name>memset16.S.obj</name>
      </input_file>
   </input_file_list>
   <object_component_list>
      <object_component id="oc-18">
         <name>.intvecs</name>
         <load_address>0x0</load_address>
         <readonly>true</readonly>
         <run_address>0x0</run_address>
         <size>0xc0</size>
         <alignment>0x4</alignment>
         <input_file_ref idref="fl-3"/>
      </object_component>
      <object_component id="oc-96">
         <name>.text.OLED_Init</name>
         <load_address>0xc0</load_address>
         <readonly>true</readonly>
         <executable>true</executable>
         <run_address>0xc0</run_address>
         <size>0x37e4</size>
         <alignment>0x4</alignment>
         <input_file_ref idref="fl-b"/>
      </object_component>
      <object_component id="oc-108">
         <name>.text.OLED_Refresh</name>
         <load_address>0x38a4</load_address>
         <readonly>true</readonly>
         <executable>true</executable>
         <run_address>0x38a4</run_address>
         <size>0x6f0</size>
         <alignment>0x4</alignment>
         <input_file_ref idref="fl-b"/>
      </object_component>
      <object_component id="oc-140">
         <name>.text.LineFollow_Update</name>
         <load_address>0x3f94</load_address>
         <readonly>true</readonly>
         <executable>true</executable>
         <run_address>0x3f94</run_address>
         <size>0x574</size>
         <alignment>0x4</alignment>
         <input_file_ref idref="fl-4"/>
      </object_component>
      <object_component id="oc-c2">
         <name>.text.I2C_ReadLineSensors</name>
         <load_address>0x4508</load_address>
         <readonly>true</readonly>
         <executable>true</executable>
         <run_address>0x4508</run_address>
         <size>0x330</size>
         <alignment>0x4</alignment>
         <input_file_ref idref="fl-8"/>
      </object_component>
      <object_component id="oc-be">
         <name>.text.oled_update</name>
         <load_address>0x4838</load_address>
         <readonly>true</readonly>
         <executable>true</executable>
         <run_address>0x4838</run_address>
         <size>0x2e4</size>
         <alignment>0x4</alignment>
         <input_file_ref idref="fl-1"/>
      </object_component>
      <object_component id="oc-179">
         <name>.text.SYSCFG_DL_SYSCTL_SYSPLL_init</name>
         <load_address>0x4b1c</load_address>
         <readonly>true</readonly>
         <executable>true</executable>
         <run_address>0x4b1c</run_address>
         <size>0x2a8</size>
         <alignment>0x4</alignment>
         <input_file_ref idref="fl-2"/>
      </object_component>
      <object_component id="oc-138">
         <name>.text.OLED_ShowString</name>
         <load_address>0x4dc4</load_address>
         <readonly>true</readonly>
         <executable>true</executable>
         <run_address>0x4dc4</run_address>
         <size>0x260</size>
         <alignment>0x4</alignment>
         <input_file_ref idref="fl-b"/>
      </object_component>
      <object_component id="oc-15e">
         <name>.text.VelocityPid_Compute</name>
         <load_address>0x5024</load_address>
         <readonly>true</readonly>
         <executable>true</executable>
         <run_address>0x5024</run_address>
         <size>0x1ec</size>
         <alignment>0x4</alignment>
         <input_file_ref idref="fl-5"/>
      </object_component>
      <object_component id="oc-c7">
         <name>.text.control_tick</name>
         <load_address>0x5210</load_address>
         <readonly>true</readonly>
         <executable>true</executable>
         <run_address>0x5210</run_address>
         <size>0x1a8</size>
         <alignment>0x4</alignment>
         <input_file_ref idref="fl-1"/>
      </object_component>
      <object_component id="oc-17d">
         <name>.text.DL_Timer_initFourCCPWMMode</name>
         <load_address>0x53b8</load_address>
         <readonly>true</readonly>
         <executable>true</executable>
         <run_address>0x53b8</run_address>
         <size>0x104</size>
         <alignment>0x4</alignment>
         <input_file_ref idref="fl-1c"/>
      </object_component>
      <object_component id="oc-182">
         <name>.text.DL_Timer_initTimerMode</name>
         <load_address>0x54bc</load_address>
         <readonly>true</readonly>
         <executable>true</executable>
         <run_address>0x54bc</run_address>
         <size>0xfc</size>
         <alignment>0x4</alignment>
         <input_file_ref idref="fl-1c"/>
      </object_component>
      <object_component id="oc-f1">
         <name>.text.SYSCFG_DL_GPIO_init</name>
         <load_address>0x55b8</load_address>
         <readonly>true</readonly>
         <executable>true</executable>
         <run_address>0x55b8</run_address>
         <size>0xe0</size>
         <alignment>0x4</alignment>
         <input_file_ref idref="fl-2"/>
      </object_component>
      <object_component id="oc-173">
         <name>.text.DL_SYSCTL_configSYSPLL</name>
         <load_address>0x5698</load_address>
         <readonly>true</readonly>
         <executable>true</executable>
         <run_address>0x5698</run_address>
         <size>0xdc</size>
         <alignment>0x4</alignment>
         <input_file_ref idref="fl-1d"/>
      </object_component>
      <object_component id="oc-77">
         <name>.text.main</name>
         <load_address>0x5774</load_address>
         <readonly>true</readonly>
         <executable>true</executable>
         <run_address>0x5774</run_address>
         <size>0xdc</size>
         <alignment>0x4</alignment>
         <input_file_ref idref="fl-1"/>
      </object_component>
      <object_component id="oc-15a">
         <name>.text</name>
         <load_address>0x5850</load_address>
         <readonly>true</readonly>
         <executable>true</executable>
         <run_address>0x5850</run_address>
         <size>0xd8</size>
         <alignment>0x4</alignment>
         <input_file_ref idref="fl-df"/>
      </object_component>
      <object_component id="oc-198">
         <name>.text.sensor_turn</name>
         <load_address>0x5928</load_address>
         <readonly>true</readonly>
         <executable>true</executable>
         <run_address>0x5928</run_address>
         <size>0xbc</size>
         <alignment>0x4</alignment>
         <input_file_ref idref="fl-4"/>
      </object_component>
      <object_component id="oc-15f">
         <name>.text.Motor_SetPwm</name>
         <load_address>0x59e4</load_address>
         <readonly>true</readonly>
         <executable>true</executable>
         <run_address>0x59e4</run_address>
         <size>0xac</size>
         <alignment>0x4</alignment>
         <input_file_ref idref="fl-a"/>
      </object_component>
      <object_component id="oc-f4">
         <name>.text.SYSCFG_DL_MOTOR_PWM_init</name>
         <load_address>0x5a90</load_address>
         <readonly>true</readonly>
         <executable>true</executable>
         <run_address>0x5a90</run_address>
         <size>0x90</size>
         <alignment>0x4</alignment>
         <input_file_ref idref="fl-2"/>
      </object_component>
      <object_component id="oc-f2">
         <name>.text.SYSCFG_DL_SYSCTL_init</name>
         <load_address>0x5b20</load_address>
         <readonly>true</readonly>
         <executable>true</executable>
         <run_address>0x5b20</run_address>
         <size>0x90</size>
         <alignment>0x4</alignment>
         <input_file_ref idref="fl-2"/>
      </object_component>
      <object_component id="oc-14c">
         <name>.text.__mulsf3</name>
         <load_address>0x5bb0</load_address>
         <readonly>true</readonly>
         <executable>true</executable>
         <run_address>0x5bb0</run_address>
         <size>0x8c</size>
         <alignment>0x4</alignment>
         <input_file_ref idref="fl-e0"/>
      </object_component>
      <object_component id="oc-c0">
         <name>.text.Button_Update</name>
         <load_address>0x5c3c</load_address>
         <readonly>true</readonly>
         <executable>true</executable>
         <run_address>0x5c3c</run_address>
         <size>0x88</size>
         <alignment>0x4</alignment>
         <input_file_ref idref="fl-6"/>
      </object_component>
      <object_component id="oc-150">
         <name>.text.__divsf3</name>
         <load_address>0x5cc4</load_address>
         <readonly>true</readonly>
         <executable>true</executable>
         <run_address>0x5cc4</run_address>
         <size>0x82</size>
         <alignment>0x4</alignment>
         <input_file_ref idref="fl-e1"/>
      </object_component>
      <object_component id="oc-33">
         <name>.text.Default_Handler</name>
         <load_address>0x5d46</load_address>
         <readonly>true</readonly>
         <executable>true</executable>
         <run_address>0x5d46</run_address>
         <size>0x2</size>
         <alignment>0x2</alignment>
         <input_file_ref idref="fl-3"/>
      </object_component>
      <object_component id="oc-199">
         <name>.text.__aeabi_fcmp</name>
         <load_address>0x5d48</load_address>
         <readonly>true</readonly>
         <executable>true</executable>
         <run_address>0x5d48</run_address>
         <size>0x62</size>
         <alignment>0x4</alignment>
         <input_file_ref idref="fl-e5"/>
      </object_component>
      <object_component id="oc-ef">
         <name>.text:memset</name>
         <load_address>0x5daa</load_address>
         <readonly>true</readonly>
         <executable>true</executable>
         <run_address>0x5daa</run_address>
         <size>0x62</size>
         <alignment>0x1</alignment>
         <input_file_ref idref="fl-ed"/>
      </object_component>
      <object_component id="oc-101">
         <name>.text.DL_I2C_fillControllerTXFIFO</name>
         <load_address>0x5e0c</load_address>
         <readonly>true</readonly>
         <executable>true</executable>
         <run_address>0x5e0c</run_address>
         <size>0x5e</size>
         <alignment>0x2</alignment>
         <input_file_ref idref="fl-1b"/>
      </object_component>
      <object_component id="oc-a1">
         <name>.text.I2C_Init</name>
         <load_address>0x5e6a</load_address>
         <readonly>true</readonly>
         <executable>true</executable>
         <run_address>0x5e6a</run_address>
         <size>0x2</size>
         <alignment>0x2</alignment>
         <input_file_ref idref="fl-8"/>
      </object_component>
      <object_component id="oc-19d">
         <name>.text.is_left_90_state</name>
         <load_address>0x5e6c</load_address>
         <readonly>true</readonly>
         <executable>true</executable>
         <run_address>0x5e6c</run_address>
         <size>0x58</size>
         <alignment>0x4</alignment>
         <input_file_ref idref="fl-4"/>
      </object_component>
      <object_component id="oc-b1">
         <name>.text.LineFollow_Init</name>
         <load_address>0x5ec4</load_address>
         <readonly>true</readonly>
         <executable>true</executable>
         <run_address>0x5ec4</run_address>
         <size>0x54</size>
         <alignment>0x4</alignment>
         <input_file_ref idref="fl-4"/>
      </object_component>
      <object_component id="oc-f6">
         <name>.text.SYSCFG_DL_I2C_init</name>
         <load_address>0x5f18</load_address>
         <readonly>true</readonly>
         <executable>true</executable>
         <run_address>0x5f18</run_address>
         <size>0x54</size>
         <alignment>0x4</alignment>
         <input_file_ref idref="fl-2"/>
      </object_component>
      <object_component id="oc-f7">
         <name>.text.SYSCFG_DL_OLED_I2C_init</name>
         <load_address>0x5f6c</load_address>
         <readonly>true</readonly>
         <executable>true</executable>
         <run_address>0x5f6c</run_address>
         <size>0x54</size>
         <alignment>0x4</alignment>
         <input_file_ref idref="fl-2"/>
      </object_component>
      <object_component id="oc-f0">
         <name>.text.SYSCFG_DL_initPower</name>
         <load_address>0x5fc0</load_address>
         <readonly>true</readonly>
         <executable>true</executable>
         <run_address>0x5fc0</run_address>
         <size>0x54</size>
         <alignment>0x4</alignment>
         <input_file_ref idref="fl-2"/>
      </object_component>
      <object_component id="oc-a6">
         <name>.text.Motor_Init</name>
         <load_address>0x6014</load_address>
         <readonly>true</readonly>
         <executable>true</executable>
         <run_address>0x6014</run_address>
         <size>0x4c</size>
         <alignment>0x4</alignment>
         <input_file_ref idref="fl-a"/>
      </object_component>
      <object_component id="oc-19e">
         <name>.text.is_right_90_state</name>
         <load_address>0x6060</load_address>
         <readonly>true</readonly>
         <executable>true</executable>
         <run_address>0x6060</run_address>
         <size>0x4c</size>
         <alignment>0x4</alignment>
         <input_file_ref idref="fl-4"/>
      </object_component>
      <object_component id="oc-17a">
         <name>.text.DL_SYSCTL_switchMCLKfromSYSOSCtoHSCLK</name>
         <load_address>0x60ac</load_address>
         <readonly>true</readonly>
         <executable>true</executable>
         <run_address>0x60ac</run_address>
         <size>0x44</size>
         <alignment>0x4</alignment>
         <input_file_ref idref="fl-1d"/>
      </object_component>
      <object_component id="oc-ab">
         <name>.text.Button_Init</name>
         <load_address>0x60f0</load_address>
         <readonly>true</readonly>
         <executable>true</executable>
         <run_address>0x60f0</run_address>
         <size>0x40</size>
         <alignment>0x4</alignment>
         <input_file_ref idref="fl-6"/>
      </object_component>
      <object_component id="oc-34">
         <name>.text.GROUP1_IRQHandler</name>
         <load_address>0x6130</load_address>
         <readonly>true</readonly>
         <executable>true</executable>
         <run_address>0x6130</run_address>
         <size>0x40</size>
         <alignment>0x4</alignment>
         <input_file_ref idref="fl-7"/>
      </object_component>
      <object_component id="oc-c5">
         <name>.text.Motor_Stop</name>
         <load_address>0x6170</load_address>
         <readonly>true</readonly>
         <executable>true</executable>
         <run_address>0x6170</run_address>
         <size>0x40</size>
         <alignment>0x4</alignment>
         <input_file_ref idref="fl-a"/>
      </object_component>
      <object_component id="oc-134">
         <name>.text.__aeabi_uidivmod</name>
         <load_address>0x61b0</load_address>
         <readonly>true</readonly>
         <executable>true</executable>
         <run_address>0x61b0</run_address>
         <size>0x40</size>
         <alignment>0x4</alignment>
         <input_file_ref idref="fl-e8"/>
      </object_component>
      <object_component id="oc-142">
         <name>.text.Button_NotifyRightAngle</name>
         <load_address>0x61f0</load_address>
         <readonly>true</readonly>
         <executable>true</executable>
         <run_address>0x61f0</run_address>
         <size>0x3c</size>
         <alignment>0x4</alignment>
         <input_file_ref idref="fl-6"/>
      </object_component>
      <object_component id="oc-148">
         <name>.text.__floatsisf</name>
         <load_address>0x622c</load_address>
         <readonly>true</readonly>
         <executable>true</executable>
         <run_address>0x622c</run_address>
         <size>0x3c</size>
         <alignment>0x4</alignment>
         <input_file_ref idref="fl-e3"/>
      </object_component>
      <object_component id="oc-1c2">
         <name>.text.__gtsf2</name>
         <load_address>0x6268</load_address>
         <readonly>true</readonly>
         <executable>true</executable>
         <run_address>0x6268</run_address>
         <size>0x3c</size>
         <alignment>0x4</alignment>
         <input_file_ref idref="fl-e9"/>
      </object_component>
      <object_component id="oc-d7">
         <name>.text:__TI_auto_init_nobinit_nopinit</name>
         <load_address>0x62a4</load_address>
         <readonly>true</readonly>
         <executable>true</executable>
         <run_address>0x62a4</run_address>
         <size>0x3c</size>
         <alignment>0x4</alignment>
         <input_file_ref idref="fl-36"/>
      </object_component>
      <object_component id="oc-1bd">
         <name>.text.__eqsf2</name>
         <load_address>0x62e0</load_address>
         <readonly>true</readonly>
         <executable>true</executable>
         <run_address>0x62e0</run_address>
         <size>0x3a</size>
         <alignment>0x4</alignment>
         <input_file_ref idref="fl-e9"/>
      </object_component>
      <object_component id="oc-9c">
         <name>.text.LED_Init</name>
         <load_address>0x631a</load_address>
         <readonly>true</readonly>
         <executable>true</executable>
         <run_address>0x631a</run_address>
         <size>0x2</size>
         <alignment>0x2</alignment>
         <input_file_ref idref="fl-9"/>
      </object_component>
      <object_component id="oc-1a0">
         <name>.text.__muldsi3</name>
         <load_address>0x631c</load_address>
         <readonly>true</readonly>
         <executable>true</executable>
         <run_address>0x631c</run_address>
         <size>0x3a</size>
         <alignment>0x4</alignment>
         <input_file_ref idref="fl-ea"/>
      </object_component>
      <object_component id="oc-18f">
         <name>.text.__aeabi_idiv0</name>
         <load_address>0x6356</load_address>
         <readonly>true</readonly>
         <executable>true</executable>
         <run_address>0x6356</run_address>
         <size>0x2</size>
         <alignment>0x2</alignment>
         <input_file_ref idref="fl-eb"/>
      </object_component>
      <object_component id="oc-f5">
         <name>.text.SYSCFG_DL_TIMER_0_init</name>
         <load_address>0x6358</load_address>
         <readonly>true</readonly>
         <executable>true</executable>
         <run_address>0x6358</run_address>
         <size>0x38</size>
         <alignment>0x4</alignment>
         <input_file_ref idref="fl-2"/>
      </object_component>
      <object_component id="oc-91">
         <name>.text.SYSCFG_DL_init</name>
         <load_address>0x6390</load_address>
         <readonly>true</readonly>
         <executable>true</executable>
         <run_address>0x6390</run_address>
         <size>0x38</size>
         <alignment>0x4</alignment>
         <input_file_ref idref="fl-2"/>
      </object_component>
      <object_component id="oc-154">
         <name>.text.__fixsfsi</name>
         <load_address>0x63c8</load_address>
         <readonly>true</readonly>
         <executable>true</executable>
         <run_address>0x63c8</run_address>
         <size>0x38</size>
         <alignment>0x4</alignment>
         <input_file_ref idref="fl-e2"/>
      </object_component>
      <object_component id="oc-3a">
         <name>.text.TIMA0_IRQHandler</name>
         <load_address>0x6400</load_address>
         <readonly>true</readonly>
         <executable>true</executable>
         <run_address>0x6400</run_address>
         <size>0x30</size>
         <alignment>0x4</alignment>
         <input_file_ref idref="fl-c"/>
      </object_component>
      <object_component id="oc-b0">
         <name>.text.Encoder_Init</name>
         <load_address>0x6430</load_address>
         <readonly>true</readonly>
         <executable>true</executable>
         <run_address>0x6430</run_address>
         <size>0x28</size>
         <alignment>0x4</alignment>
         <input_file_ref idref="fl-7"/>
      </object_component>
      <object_component id="oc-f8">
         <name>.text.SYSCFG_DL_SYSCTL_CLK_init</name>
         <load_address>0x6458</load_address>
         <readonly>true</readonly>
         <executable>true</executable>
         <run_address>0x6458</run_address>
         <size>0x28</size>
         <alignment>0x4</alignment>
         <input_file_ref idref="fl-2"/>
      </object_component>
      <object_component id="oc-1b9">
         <name>.text.__floatunsisf</name>
         <load_address>0x6480</load_address>
         <readonly>true</readonly>
         <executable>true</executable>
         <run_address>0x6480</run_address>
         <size>0x28</size>
         <alignment>0x4</alignment>
         <input_file_ref idref="fl-e4"/>
      </object_component>
      <object_component id="oc-5a">
         <name>.text:_c_int00_noargs</name>
         <load_address>0x64a8</load_address>
         <readonly>true</readonly>
         <executable>true</executable>
         <run_address>0x64a8</run_address>
         <size>0x28</size>
         <alignment>0x4</alignment>
         <input_file_ref idref="fl-34"/>
      </object_component>
      <object_component id="oc-185">
         <name>.text.DL_I2C_setClockConfig</name>
         <load_address>0x64d0</load_address>
         <readonly>true</readonly>
         <executable>true</executable>
         <run_address>0x64d0</run_address>
         <size>0x26</size>
         <alignment>0x2</alignment>
         <input_file_ref idref="fl-1b"/>
      </object_component>
      <object_component id="oc-b6">
         <name>.text.VelocityPid_Init</name>
         <load_address>0x64f8</load_address>
         <readonly>true</readonly>
         <executable>true</executable>
         <run_address>0x64f8</run_address>
         <size>0x24</size>
         <alignment>0x4</alignment>
         <input_file_ref idref="fl-5"/>
      </object_component>
      <object_component id="oc-c6">
         <name>.text.VelocityPid_Reset</name>
         <load_address>0x651c</load_address>
         <readonly>true</readonly>
         <executable>true</executable>
         <run_address>0x651c</run_address>
         <size>0x24</size>
         <alignment>0x4</alignment>
         <input_file_ref idref="fl-5"/>
      </object_component>
      <object_component id="oc-bb">
         <name>.text.TIMER_Init</name>
         <load_address>0x6540</load_address>
         <readonly>true</readonly>
         <executable>true</executable>
         <run_address>0x6540</run_address>
         <size>0x20</size>
         <alignment>0x4</alignment>
         <input_file_ref idref="fl-c"/>
      </object_component>
      <object_component id="oc-1b5">
         <name>.text.DL_SYSCTL_configFCC</name>
         <load_address>0x6560</load_address>
         <readonly>true</readonly>
         <executable>true</executable>
         <run_address>0x6560</run_address>
         <size>0x1c</size>
         <alignment>0x4</alignment>
         <input_file_ref idref="fl-1d"/>
      </object_component>
      <object_component id="oc-17f">
         <name>.text.DL_Timer_setCaptCompUpdateMethod</name>
         <load_address>0x657c</load_address>
         <readonly>true</readonly>
         <executable>true</executable>
         <run_address>0x657c</run_address>
         <size>0x1c</size>
         <alignment>0x4</alignment>
         <input_file_ref idref="fl-1c"/>
      </object_component>
      <object_component id="oc-17c">
         <name>.text.DL_Timer_setClockConfig</name>
         <load_address>0x6598</load_address>
         <readonly>true</readonly>
         <executable>true</executable>
         <run_address>0x6598</run_address>
         <size>0x1c</size>
         <alignment>0x4</alignment>
         <input_file_ref idref="fl-1c"/>
      </object_component>
      <object_component id="oc-17e">
         <name>.text.DL_Timer_setCaptureCompareOutCtl</name>
         <load_address>0x65b4</load_address>
         <readonly>true</readonly>
         <executable>true</executable>
         <run_address>0x65b4</run_address>
         <size>0x18</size>
         <alignment>0x4</alignment>
         <input_file_ref idref="fl-1c"/>
      </object_component>
      <object_component id="oc-160">
         <name>.text.Button_Stop</name>
         <load_address>0x65cc</load_address>
         <readonly>true</readonly>
         <executable>true</executable>
         <run_address>0x65cc</run_address>
         <size>0x14</size>
         <alignment>0x4</alignment>
         <input_file_ref idref="fl-6"/>
      </object_component>
      <object_component id="oc-146">
         <name>.text.Encoder_ReadLeft</name>
         <load_address>0x65e0</load_address>
         <readonly>true</readonly>
         <executable>true</executable>
         <run_address>0x65e0</run_address>
         <size>0x14</size>
         <alignment>0x4</alignment>
         <input_file_ref idref="fl-7"/>
      </object_component>
      <object_component id="oc-147">
         <name>.text.Encoder_ReadRight</name>
         <load_address>0x65f4</load_address>
         <readonly>true</readonly>
         <executable>true</executable>
         <run_address>0x65f4</run_address>
         <size>0x14</size>
         <alignment>0x4</alignment>
         <input_file_ref idref="fl-7"/>
      </object_component>
      <object_component id="oc-10f">
         <name>.text.DL_Timer_setCaptureCompareValue</name>
         <load_address>0x6608</load_address>
         <readonly>true</readonly>
         <executable>true</executable>
         <run_address>0x6608</run_address>
         <size>0x10</size>
         <alignment>0x4</alignment>
         <input_file_ref idref="fl-1c"/>
      </object_component>
      <object_component id="oc-141">
         <name>.text.LineFollow_ConsumeRightAngleEvent</name>
         <load_address>0x6618</load_address>
         <readonly>true</readonly>
         <executable>true</executable>
         <run_address>0x6618</run_address>
         <size>0x10</size>
         <alignment>0x4</alignment>
         <input_file_ref idref="fl-4"/>
      </object_component>
      <object_component id="oc-bf">
         <name>.text.TIMER_GetTick</name>
         <load_address>0x6628</load_address>
         <readonly>true</readonly>
         <executable>true</executable>
         <run_address>0x6628</run_address>
         <size>0x10</size>
         <alignment>0x4</alignment>
         <input_file_ref idref="fl-c"/>
      </object_component>
      <object_component id="oc-bd">
         <name>.text.TIMER_Start</name>
         <load_address>0x6638</load_address>
         <readonly>true</readonly>
         <executable>true</executable>
         <run_address>0x6638</run_address>
         <size>0x10</size>
         <alignment>0x4</alignment>
         <input_file_ref idref="fl-c"/>
      </object_component>
      <object_component id="oc-57">
         <name>.text:decompress:ZI</name>
         <load_address>0x6648</load_address>
         <readonly>true</readonly>
         <executable>true</executable>
         <run_address>0x6648</run_address>
         <size>0x10</size>
         <alignment>0x2</alignment>
         <input_file_ref idref="fl-39"/>
      </object_component>
      <object_component id="oc-144">
         <name>.text.Button_GetCurrentLaps</name>
         <load_address>0x6658</load_address>
         <readonly>true</readonly>
         <executable>true</executable>
         <run_address>0x6658</run_address>
         <size>0xc</size>
         <alignment>0x4</alignment>
         <input_file_ref idref="fl-6"/>
      </object_component>
      <object_component id="oc-145">
         <name>.text.Button_GetTargetLaps</name>
         <load_address>0x6664</load_address>
         <readonly>true</readonly>
         <executable>true</executable>
         <run_address>0x6664</run_address>
         <size>0xc</size>
         <alignment>0x4</alignment>
         <input_file_ref idref="fl-6"/>
      </object_component>
      <object_component id="oc-143">
         <name>.text.Button_IsLapComplete</name>
         <load_address>0x6670</load_address>
         <readonly>true</readonly>
         <executable>true</executable>
         <run_address>0x6670</run_address>
         <size>0xc</size>
         <alignment>0x4</alignment>
         <input_file_ref idref="fl-6"/>
      </object_component>
      <object_component id="oc-c4">
         <name>.text.Button_IsRunning</name>
         <load_address>0x667c</load_address>
         <readonly>true</readonly>
         <executable>true</executable>
         <run_address>0x667c</run_address>
         <size>0xc</size>
         <alignment>0x4</alignment>
         <input_file_ref idref="fl-6"/>
      </object_component>
      <object_component id="oc-159">
         <name>.text.LineFollow_GetBaseSpeed</name>
         <load_address>0x6688</load_address>
         <readonly>true</readonly>
         <executable>true</executable>
         <run_address>0x6688</run_address>
         <size>0xc</size>
         <alignment>0x4</alignment>
         <input_file_ref idref="fl-4"/>
      </object_component>
      <object_component id="oc-158">
         <name>.text.LineFollow_GetTurnDiff</name>
         <load_address>0x6694</load_address>
         <readonly>true</readonly>
         <executable>true</executable>
         <run_address>0x6694</run_address>
         <size>0xc</size>
         <alignment>0x4</alignment>
         <input_file_ref idref="fl-4"/>
      </object_component>
      <object_component id="oc-bc">
         <name>.text.TIMER_RegisterCallback</name>
         <load_address>0x66a0</load_address>
         <readonly>true</readonly>
         <executable>true</executable>
         <run_address>0x66a0</run_address>
         <size>0xc</size>
         <alignment>0x4</alignment>
         <input_file_ref idref="fl-c"/>
      </object_component>
      <object_component id="oc-6e">
         <name>.text.__aeabi_memclr</name>
         <load_address>0x66ac</load_address>
         <readonly>true</readonly>
         <executable>true</executable>
         <run_address>0x66ac</run_address>
         <size>0xc</size>
         <alignment>0x4</alignment>
         <input_file_ref idref="fl-e7"/>
      </object_component>
      <object_component id="oc-fd">
         <name>.text.DL_Common_delayCycles</name>
         <load_address>0x66b8</load_address>
         <readonly>true</readonly>
         <executable>true</executable>
         <run_address>0x66b8</run_address>
         <size>0xa</size>
         <alignment>0x2</alignment>
         <input_file_ref idref="fl-1a"/>
      </object_component>
      <object_component id="oc-d0">
         <name>.text:abort</name>
         <load_address>0x66c2</load_address>
         <readonly>true</readonly>
         <executable>true</executable>
         <run_address>0x66c2</run_address>
         <size>0x6</size>
         <alignment>0x2</alignment>
         <input_file_ref idref="fl-3c"/>
      </object_component>
      <object_component id="oc-162">
         <name>.text.HOSTexit</name>
         <load_address>0x66c8</load_address>
         <readonly>true</readonly>
         <executable>true</executable>
         <run_address>0x66c8</run_address>
         <size>0x4</size>
         <alignment>0x2</alignment>
         <input_file_ref idref="fl-de"/>
      </object_component>
      <object_component id="oc-2f">
         <name>.text.Reset_Handler</name>
         <load_address>0x66cc</load_address>
         <readonly>true</readonly>
         <executable>true</executable>
         <run_address>0x66cc</run_address>
         <size>0x4</size>
         <alignment>0x2</alignment>
         <input_file_ref idref="fl-3"/>
      </object_component>
      <object_component id="oc-73">
         <name>.text._system_pre_init</name>
         <load_address>0x66d0</load_address>
         <readonly>true</readonly>
         <executable>true</executable>
         <run_address>0x66d0</run_address>
         <size>0x4</size>
         <alignment>0x2</alignment>
         <input_file_ref idref="fl-37"/>
      </object_component>
      <object_component id="oc-208">
         <name>.cinit..bss.load</name>
         <load_address>0x7ee8</load_address>
         <readonly>true</readonly>
         <run_address>0x7ee8</run_address>
         <size>0x8</size>
         <alignment>0x4</alignment>
      </object_component>
      <object_component id="oc-206">
         <name>__TI_handler_table</name>
         <load_address>0x7ef0</load_address>
         <readonly>true</readonly>
         <run_address>0x7ef0</run_address>
         <size>0x4</size>
         <alignment>0x4</alignment>
      </object_component>
      <object_component id="oc-207">
         <name>__TI_cinit_table</name>
         <load_address>0x7ef4</load_address>
         <readonly>true</readonly>
         <run_address>0x7ef4</run_address>
         <size>0x8</size>
         <alignment>0x4</alignment>
      </object_component>
      <object_component id="oc-195">
         <name>.rodata.asc2_2412</name>
         <load_address>0x66d8</load_address>
         <readonly>true</readonly>
         <run_address>0x66d8</run_address>
         <size>0xd5c</size>
         <alignment>0x1</alignment>
         <input_file_ref idref="fl-b"/>
      </object_component>
      <object_component id="oc-196">
         <name>.rodata.asc2_1608</name>
         <load_address>0x7434</load_address>
         <readonly>true</readonly>
         <run_address>0x7434</run_address>
         <size>0x5f0</size>
         <alignment>0x1</alignment>
         <input_file_ref idref="fl-b"/>
      </object_component>
      <object_component id="oc-197">
         <name>.rodata.asc2_1206</name>
         <load_address>0x7a24</load_address>
         <readonly>true</readonly>
         <run_address>0x7a24</run_address>
         <size>0x474</size>
         <alignment>0x1</alignment>
         <input_file_ref idref="fl-b"/>
      </object_component>
      <object_component id="oc-17b">
         <name>.rodata.gSYSPLLConfig</name>
         <load_address>0x7e98</load_address>
         <readonly>true</readonly>
         <run_address>0x7e98</run_address>
         <size>0x28</size>
         <alignment>0x4</alignment>
         <input_file_ref idref="fl-2"/>
      </object_component>
      <object_component id="oc-184">
         <name>.rodata.gTIMER_0TimerConfig</name>
         <load_address>0x7ec0</load_address>
         <readonly>true</readonly>
         <run_address>0x7ec0</run_address>
         <size>0x14</size>
         <alignment>0x4</alignment>
         <input_file_ref idref="fl-2"/>
      </object_component>
      <object_component id="oc-181">
         <name>.rodata.gMOTOR_PWMConfig</name>
         <load_address>0x7ed4</load_address>
         <readonly>true</readonly>
         <run_address>0x7ed4</run_address>
         <size>0x8</size>
         <alignment>0x4</alignment>
         <input_file_ref idref="fl-2"/>
      </object_component>
      <object_component id="oc-180">
         <name>.rodata.gMOTOR_PWMClockConfig</name>
         <load_address>0x7edc</load_address>
         <readonly>true</readonly>
         <run_address>0x7edc</run_address>
         <size>0x3</size>
         <alignment>0x1</alignment>
         <input_file_ref idref="fl-2"/>
      </object_component>
      <object_component id="oc-183">
         <name>.rodata.gTIMER_0ClockConfig</name>
         <load_address>0x7edf</load_address>
         <readonly>true</readonly>
         <run_address>0x7edf</run_address>
         <size>0x3</size>
         <alignment>0x1</alignment>
         <input_file_ref idref="fl-2"/>
      </object_component>
      <object_component id="oc-186">
         <name>.rodata.gI2CClockConfig</name>
         <load_address>0x7ee2</load_address>
         <readonly>true</readonly>
         <run_address>0x7ee2</run_address>
         <size>0x2</size>
         <alignment>0x1</alignment>
         <input_file_ref idref="fl-2"/>
      </object_component>
      <object_component id="oc-187">
         <name>.rodata.gOLED_I2CClockConfig</name>
         <load_address>0x7ee4</load_address>
         <readonly>true</readonly>
         <run_address>0x7ee4</run_address>
         <size>0x2</size>
         <alignment>0x1</alignment>
         <input_file_ref idref="fl-2"/>
      </object_component>
      <object_component id="oc-1d0">
         <name>.binit</name>
         <load_address>0x0</load_address>
         <readonly>true</readonly>
         <run_address>0x0</run_address>
         <size>0x0</size>
         <alignment>0x4</alignment>
      </object_component>
      <object_component id="oc-cd">
         <name>.bss.main.last_oled_tick</name>
         <uninitialized>true</uninitialized>
         <readwrite>true</readwrite>
         <run_address>0x20200638</run_address>
         <size>0x4</size>
         <alignment>0x4</alignment>
         <input_file_ref idref="fl-1"/>
      </object_component>
      <object_component id="oc-c8">
         <name>.bss.main.last_sensor_tick</name>
         <uninitialized>true</uninitialized>
         <readwrite>true</readwrite>
         <run_address>0x2020063c</run_address>
         <size>0x4</size>
         <alignment>0x4</alignment>
         <input_file_ref idref="fl-1"/>
      </object_component>
      <object_component id="oc-c9">
         <name>.bss.sensor_comm_ok</name>
         <uninitialized>true</uninitialized>
         <readwrite>true</readwrite>
         <run_address>0x2020066f</run_address>
         <size>0x1</size>
         <alignment>0x1</alignment>
         <input_file_ref idref="fl-1"/>
      </object_component>
      <object_component id="oc-ca">
         <name>.bss.latest_frame</name>
         <uninitialized>true</uninitialized>
         <readwrite>true</readwrite>
         <run_address>0x202005f8</run_address>
         <size>0xc</size>
         <alignment>0x1</alignment>
         <input_file_ref idref="fl-1"/>
      </object_component>
      <object_component id="oc-cb">
         <name>.bss.last_frame_tick</name>
         <uninitialized>true</uninitialized>
         <readwrite>true</readwrite>
         <run_address>0x20200624</run_address>
         <size>0x4</size>
         <alignment>0x4</alignment>
         <input_file_ref idref="fl-1"/>
      </object_component>
      <object_component id="oc-cc">
         <name>.bss.frame_pending</name>
         <uninitialized>true</uninitialized>
         <readwrite>true</readwrite>
         <run_address>0x20200667</run_address>
         <size>0x1</size>
         <alignment>0x1</alignment>
         <input_file_ref idref="fl-1"/>
      </object_component>
      <object_component id="oc-161">
         <name>.bss.frame_valid</name>
         <uninitialized>true</uninitialized>
         <readwrite>true</readwrite>
         <run_address>0x20200668</run_address>
         <size>0x1</size>
         <alignment>0x1</alignment>
         <input_file_ref idref="fl-1"/>
      </object_component>
      <object_component id="oc-13a">
         <name>.bss.display_measured_left</name>
         <uninitialized>true</uninitialized>
         <readwrite>true</readwrite>
         <run_address>0x20200614</run_address>
         <size>0x4</size>
         <alignment>0x4</alignment>
         <input_file_ref idref="fl-1"/>
      </object_component>
      <object_component id="oc-13c">
         <name>.bss.display_measured_right</name>
         <uninitialized>true</uninitialized>
         <readwrite>true</readwrite>
         <run_address>0x20200618</run_address>
         <size>0x4</size>
         <alignment>0x4</alignment>
         <input_file_ref idref="fl-1"/>
      </object_component>
      <object_component id="oc-139">
         <name>.bss.display_target_left</name>
         <uninitialized>true</uninitialized>
         <readwrite>true</readwrite>
         <run_address>0x2020061c</run_address>
         <size>0x4</size>
         <alignment>0x4</alignment>
         <input_file_ref idref="fl-1"/>
      </object_component>
      <object_component id="oc-13b">
         <name>.bss.display_target_right</name>
         <uninitialized>true</uninitialized>
         <readwrite>true</readwrite>
         <run_address>0x20200620</run_address>
         <size>0x4</size>
         <alignment>0x4</alignment>
         <input_file_ref idref="fl-1"/>
      </object_component>
      <object_component id="oc-121">
         <name>.bss.line_error</name>
         <uninitialized>true</uninitialized>
         <readwrite>true</readwrite>
         <run_address>0x20200634</run_address>
         <size>0x4</size>
         <alignment>0x4</alignment>
         <input_file_ref idref="fl-4"/>
      </object_component>
      <object_component id="oc-122">
         <name>.bss.turn_diff</name>
         <uninitialized>true</uninitialized>
         <readwrite>true</readwrite>
         <run_address>0x2020065c</run_address>
         <size>0x4</size>
         <alignment>0x4</alignment>
         <input_file_ref idref="fl-4"/>
      </object_component>
      <object_component id="oc-123">
         <name>.bss.base_speed</name>
         <uninitialized>true</uninitialized>
         <readwrite>true</readwrite>
         <run_address>0x20200610</run_address>
         <size>0x4</size>
         <alignment>0x4</alignment>
         <input_file_ref idref="fl-4"/>
      </object_component>
      <object_component id="oc-124">
         <name>.bss.line_valid</name>
         <uninitialized>true</uninitialized>
         <readwrite>true</readwrite>
         <run_address>0x2020066a</run_address>
         <size>0x1</size>
         <alignment>0x1</alignment>
         <input_file_ref idref="fl-4"/>
      </object_component>
      <object_component id="oc-125">
         <name>.bss.last_state</name>
         <uninitialized>true</uninitialized>
         <readwrite>true</readwrite>
         <run_address>0x20200660</run_address>
         <size>0x2</size>
         <alignment>0x2</alignment>
         <input_file_ref idref="fl-4"/>
      </object_component>
      <object_component id="oc-126">
         <name>.bss.right_angle_ticks</name>
         <uninitialized>true</uninitialized>
         <readwrite>true</readwrite>
         <run_address>0x20200662</run_address>
         <size>0x2</size>
         <alignment>0x2</alignment>
         <input_file_ref idref="fl-4"/>
      </object_component>
      <object_component id="oc-127">
         <name>.bss.right_angle_direction</name>
         <uninitialized>true</uninitialized>
         <readwrite>true</readwrite>
         <run_address>0x2020066c</run_address>
         <size>0x1</size>
         <alignment>0x1</alignment>
         <input_file_ref idref="fl-4"/>
      </object_component>
      <object_component id="oc-128">
         <name>.bss.right_angle_event</name>
         <uninitialized>true</uninitialized>
         <readwrite>true</readwrite>
         <run_address>0x2020066d</run_address>
         <size>0x1</size>
         <alignment>0x1</alignment>
         <input_file_ref idref="fl-4"/>
      </object_component>
      <object_component id="oc-129">
         <name>.bss.previous_turn_diff</name>
         <uninitialized>true</uninitialized>
         <readwrite>true</readwrite>
         <run_address>0x20200644</run_address>
         <size>0x4</size>
         <alignment>0x4</alignment>
         <input_file_ref idref="fl-4"/>
      </object_component>
      <object_component id="oc-12d">
         <name>.bss.left_output</name>
         <uninitialized>true</uninitialized>
         <readwrite>true</readwrite>
         <run_address>0x20200630</run_address>
         <size>0x4</size>
         <alignment>0x4</alignment>
         <input_file_ref idref="fl-5"/>
      </object_component>
      <object_component id="oc-12e">
         <name>.bss.right_output</name>
         <uninitialized>true</uninitialized>
         <readwrite>true</readwrite>
         <run_address>0x20200650</run_address>
         <size>0x4</size>
         <alignment>0x4</alignment>
         <input_file_ref idref="fl-5"/>
      </object_component>
      <object_component id="oc-12f">
         <name>.bss.left_integral</name>
         <uninitialized>true</uninitialized>
         <readwrite>true</readwrite>
         <run_address>0x2020062c</run_address>
         <size>0x4</size>
         <alignment>0x4</alignment>
         <input_file_ref idref="fl-5"/>
      </object_component>
      <object_component id="oc-130">
         <name>.bss.right_integral</name>
         <uninitialized>true</uninitialized>
         <readwrite>true</readwrite>
         <run_address>0x2020064c</run_address>
         <size>0x4</size>
         <alignment>0x4</alignment>
         <input_file_ref idref="fl-5"/>
      </object_component>
      <object_component id="oc-118">
         <name>.bss.running</name>
         <uninitialized>true</uninitialized>
         <readwrite>true</readwrite>
         <run_address>0x2020066e</run_address>
         <size>0x1</size>
         <alignment>0x1</alignment>
         <input_file_ref idref="fl-6"/>
      </object_component>
      <object_component id="oc-119">
         <name>.bss.press_active</name>
         <uninitialized>true</uninitialized>
         <readwrite>true</readwrite>
         <run_address>0x2020066b</run_address>
         <size>0x1</size>
         <alignment>0x1</alignment>
         <input_file_ref idref="fl-6"/>
      </object_component>
      <object_component id="oc-11a">
         <name>.bss.press_start_tick</name>
         <uninitialized>true</uninitialized>
         <readwrite>true</readwrite>
         <run_address>0x20200640</run_address>
         <size>0x4</size>
         <alignment>0x4</alignment>
         <input_file_ref idref="fl-6"/>
      </object_component>
      <object_component id="oc-11b">
         <name>.bss.target_laps</name>
         <uninitialized>true</uninitialized>
         <readwrite>true</readwrite>
         <run_address>0x20200670</run_address>
         <size>0x1</size>
         <alignment>0x1</alignment>
         <input_file_ref idref="fl-6"/>
      </object_component>
      <object_component id="oc-11c">
         <name>.bss.current_laps</name>
         <uninitialized>true</uninitialized>
         <readwrite>true</readwrite>
         <run_address>0x20200666</run_address>
         <size>0x1</size>
         <alignment>0x1</alignment>
         <input_file_ref idref="fl-6"/>
      </object_component>
      <object_component id="oc-11d">
         <name>.bss.corner_count</name>
         <uninitialized>true</uninitialized>
         <readwrite>true</readwrite>
         <run_address>0x20200665</run_address>
         <size>0x1</size>
         <alignment>0x1</alignment>
         <input_file_ref idref="fl-6"/>
      </object_component>
      <object_component id="oc-11e">
         <name>.bss.lap_complete</name>
         <uninitialized>true</uninitialized>
         <readwrite>true</readwrite>
         <run_address>0x20200669</run_address>
         <size>0x1</size>
         <alignment>0x1</alignment>
         <input_file_ref idref="fl-6"/>
      </object_component>
      <object_component id="oc-61">
         <name>.bss.left_count</name>
         <uninitialized>true</uninitialized>
         <readwrite>true</readwrite>
         <run_address>0x20200628</run_address>
         <size>0x4</size>
         <alignment>0x4</alignment>
         <input_file_ref idref="fl-7"/>
      </object_component>
      <object_component id="oc-62">
         <name>.bss.right_count</name>
         <uninitialized>true</uninitialized>
         <readwrite>true</readwrite>
         <run_address>0x20200648</run_address>
         <size>0x4</size>
         <alignment>0x4</alignment>
         <input_file_ref idref="fl-7"/>
      </object_component>
      <object_component id="oc-13e">
         <name>.bss.I2C_ReadLineSensors.first_half</name>
         <uninitialized>true</uninitialized>
         <readwrite>true</readwrite>
         <run_address>0x20200604</run_address>
         <size>0x6</size>
         <alignment>0x1</alignment>
         <input_file_ref idref="fl-8"/>
      </object_component>
      <object_component id="oc-13d">
         <name>.bss.I2C_ReadLineSensors.second_half</name>
         <uninitialized>true</uninitialized>
         <readwrite>true</readwrite>
         <run_address>0x2020060a</run_address>
         <size>0x6</size>
         <alignment>0x1</alignment>
         <input_file_ref idref="fl-8"/>
      </object_component>
      <object_component id="oc-13f">
         <name>.bss.I2C_ReadLineSensors.received_halves</name>
         <uninitialized>true</uninitialized>
         <readwrite>true</readwrite>
         <run_address>0x20200664</run_address>
         <size>0x1</size>
         <alignment>0x1</alignment>
         <input_file_ref idref="fl-8"/>
      </object_component>
      <object_component id="oc-65">
         <name>.bss.timer_tick</name>
         <uninitialized>true</uninitialized>
         <readwrite>true</readwrite>
         <run_address>0x20200658</run_address>
         <size>0x4</size>
         <alignment>0x4</alignment>
         <input_file_ref idref="fl-c"/>
      </object_component>
      <object_component id="oc-66">
         <name>.bss.timer_callback</name>
         <uninitialized>true</uninitialized>
         <readwrite>true</readwrite>
         <run_address>0x20200654</run_address>
         <size>0x4</size>
         <alignment>0x4</alignment>
         <input_file_ref idref="fl-c"/>
      </object_component>
      <object_component id="oc-f9">
         <name>.common:gMOTOR_PWMBackup</name>
         <uninitialized>true</uninitialized>
         <readwrite>true</readwrite>
         <run_address>0x20200480</run_address>
         <size>0xbc</size>
         <alignment>0x4</alignment>
      </object_component>
      <object_component id="oc-fa">
         <name>.common:gTIMER_0Backup</name>
         <uninitialized>true</uninitialized>
         <readwrite>true</readwrite>
         <run_address>0x2020053c</run_address>
         <size>0xbc</size>
         <alignment>0x4</alignment>
      </object_component>
      <object_component id="oc-107">
         <name>.common:OLED_GRAM</name>
         <uninitialized>true</uninitialized>
         <readwrite>true</readwrite>
         <run_address>0x20200000</run_address>
         <size>0x480</size>
         <alignment>0x1</alignment>
      </object_component>
      <object_component id="oc-1a">
         <name>.stack</name>
         <uninitialized>true</uninitialized>
         <readwrite>true</readwrite>
         <run_address>0x20207e00</run_address>
         <size>0x4</size>
         <alignment>0x4</alignment>
         <input_file_ref idref="fl-34"/>
      </object_component>
      <object_component id="oc-20a">
         <name>.stack</name>
         <uninitialized>true</uninitialized>
         <readwrite>true</readwrite>
         <run_address>0x20207e00</run_address>
         <size>0x0</size>
         <alignment>0x8</alignment>
      </object_component>
      <object_component id="oc-7c">
         <name>.debug_loc</name>
         <load_address>0x0</load_address>
         <run_address>0x0</run_address>
         <size>0x4a4</size>
         <alignment>0x1</alignment>
         <input_file_ref idref="fl-1"/>
      </object_component>
      <object_component id="oc-f3">
         <name>.debug_loc</name>
         <load_address>0x4a4</load_address>
         <run_address>0x4a4</run_address>
         <size>0x1f8</size>
         <alignment>0x1</alignment>
         <input_file_ref idref="fl-2"/>
      </object_component>
      <object_component id="oc-12c">
         <name>.debug_loc</name>
         <load_address>0x69c</load_address>
         <run_address>0x69c</run_address>
         <size>0x3e4</size>
         <alignment>0x1</alignment>
         <input_file_ref idref="fl-4"/>
      </object_component>
      <object_component id="oc-133">
         <name>.debug_loc</name>
         <load_address>0xa80</load_address>
         <run_address>0xa80</run_address>
         <size>0xdd</size>
         <alignment>0x1</alignment>
         <input_file_ref idref="fl-5"/>
      </object_component>
      <object_component id="oc-c1">
         <name>.debug_loc</name>
         <load_address>0xb5d</load_address>
         <run_address>0xb5d</run_address>
         <size>0x41</size>
         <alignment>0x1</alignment>
         <input_file_ref idref="fl-6"/>
      </object_component>
      <object_component id="oc-37">
         <name>.debug_loc</name>
         <load_address>0xb9e</load_address>
         <run_address>0xb9e</run_address>
         <size>0x51</size>
         <alignment>0x1</alignment>
         <input_file_ref idref="fl-7"/>
      </object_component>
      <object_component id="oc-c3">
         <name>.debug_loc</name>
         <load_address>0xbef</load_address>
         <run_address>0xbef</run_address>
         <size>0x415</size>
         <alignment>0x1</alignment>
         <input_file_ref idref="fl-8"/>
      </object_component>
      <object_component id="oc-117">
         <name>.debug_loc</name>
         <load_address>0x1004</load_address>
         <run_address>0x1004</run_address>
         <size>0xb4</size>
         <alignment>0x1</alignment>
         <input_file_ref idref="fl-a"/>
      </object_component>
      <object_component id="oc-99">
         <name>.debug_loc</name>
         <load_address>0x10b8</load_address>
         <run_address>0x10b8</run_address>
         <size>0x76d4</size>
         <alignment>0x1</alignment>
         <input_file_ref idref="fl-b"/>
      </object_component>
      <object_component id="oc-69">
         <name>.debug_loc</name>
         <load_address>0x878c</load_address>
         <run_address>0x878c</run_address>
         <size>0x1b</size>
         <alignment>0x1</alignment>
         <input_file_ref idref="fl-c"/>
      </object_component>
      <object_component id="oc-18a">
         <name>.debug_loc</name>
         <load_address>0x87a7</load_address>
         <run_address>0x87a7</run_address>
         <size>0x13</size>
         <alignment>0x1</alignment>
         <input_file_ref idref="fl-1a"/>
      </object_component>
      <object_component id="oc-102">
         <name>.debug_loc</name>
         <load_address>0x87ba</load_address>
         <run_address>0x87ba</run_address>
         <size>0x37a</size>
         <alignment>0x1</alignment>
         <input_file_ref idref="fl-1b"/>
      </object_component>
      <object_component id="oc-111">
         <name>.debug_loc</name>
         <load_address>0x8b34</load_address>
         <run_address>0x8b34</run_address>
         <size>0x1a68</size>
         <alignment>0x1</alignment>
         <input_file_ref idref="fl-1c"/>
      </object_component>
      <object_component id="oc-174">
         <name>.debug_loc</name>
         <load_address>0xa59c</load_address>
         <run_address>0xa59c</run_address>
         <size>0x414</size>
         <alignment>0x1</alignment>
         <input_file_ref idref="fl-1d"/>
      </object_component>
      <object_component id="oc-45">
         <name>.debug_loc</name>
         <load_address>0xa9b0</load_address>
         <run_address>0xa9b0</run_address>
         <size>0xd8</size>
         <alignment>0x1</alignment>
         <input_file_ref idref="fl-34"/>
      </object_component>
      <object_component id="oc-d9">
         <name>.debug_loc</name>
         <load_address>0xaa88</load_address>
         <run_address>0xaa88</run_address>
         <size>0x424</size>
         <alignment>0x1</alignment>
         <input_file_ref idref="fl-36"/>
      </object_component>
      <object_component id="oc-53">
         <name>.debug_loc</name>
         <load_address>0xaeac</load_address>
         <run_address>0xaeac</run_address>
         <size>0x16c</size>
         <alignment>0x1</alignment>
         <input_file_ref idref="fl-39"/>
      </object_component>
      <object_component id="oc-d6">
         <name>.debug_loc</name>
         <load_address>0xb018</load_address>
         <run_address>0xb018</run_address>
         <size>0x26</size>
         <alignment>0x1</alignment>
         <input_file_ref idref="fl-3c"/>
      </object_component>
      <object_component id="oc-1b8">
         <name>.debug_loc</name>
         <load_address>0xb03e</load_address>
         <run_address>0xb03e</run_address>
         <size>0x20</size>
         <alignment>0x1</alignment>
         <input_file_ref idref="fl-eb"/>
      </object_component>
      <object_component id="oc-ce">
         <name>.debug_abbrev</name>
         <load_address>0x0</load_address>
         <run_address>0x0</run_address>
         <size>0x166</size>
         <alignment>0x1</alignment>
         <input_file_ref idref="fl-1"/>
      </object_component>
      <object_component id="oc-fb">
         <name>.debug_abbrev</name>
         <load_address>0x166</load_address>
         <run_address>0x166</run_address>
         <size>0x252</size>
         <alignment>0x1</alignment>
         <input_file_ref idref="fl-2"/>
      </object_component>
      <object_component id="oc-3f">
         <name>.debug_abbrev</name>
         <load_address>0x3b8</load_address>
         <run_address>0x3b8</run_address>
         <size>0x6d</size>
         <alignment>0x1</alignment>
         <input_file_ref idref="fl-3"/>
      </object_component>
      <object_component id="oc-12a">
         <name>.debug_abbrev</name>
         <load_address>0x425</load_address>
         <run_address>0x425</run_address>
         <size>0x205</size>
         <alignment>0x1</alignment>
         <input_file_ref idref="fl-4"/>
      </object_component>
      <object_component id="oc-131">
         <name>.debug_abbrev</name>
         <load_address>0x62a</load_address>
         <run_address>0x62a</run_address>
         <size>0xf6</size>
         <alignment>0x1</alignment>
         <input_file_ref idref="fl-5"/>
      </object_component>
      <object_component id="oc-11f">
         <name>.debug_abbrev</name>
         <load_address>0x720</load_address>
         <run_address>0x720</run_address>
         <size>0x159</size>
         <alignment>0x1</alignment>
         <input_file_ref idref="fl-6"/>
      </object_component>
      <object_component id="oc-63">
         <name>.debug_abbrev</name>
         <load_address>0x879</load_address>
         <run_address>0x879</run_address>
         <size>0x19f</size>
         <alignment>0x1</alignment>
         <input_file_ref idref="fl-7"/>
      </object_component>
      <object_component id="oc-10d">
         <name>.debug_abbrev</name>
         <load_address>0xa18</load_address>
         <run_address>0xa18</run_address>
         <size>0x1e8</size>
         <alignment>0x1</alignment>
         <input_file_ref idref="fl-8"/>
      </object_component>
      <object_component id="oc-10b">
         <name>.debug_abbrev</name>
         <load_address>0xc00</load_address>
         <run_address>0xc00</run_address>
         <size>0xfd</size>
         <alignment>0x1</alignment>
         <input_file_ref idref="fl-9"/>
      </object_component>
      <object_component id="oc-115">
         <name>.debug_abbrev</name>
         <load_address>0xcfd</load_address>
         <run_address>0xcfd</run_address>
         <size>0x1a0</size>
         <alignment>0x1</alignment>
         <input_file_ref idref="fl-a"/>
      </object_component>
      <object_component id="oc-109">
         <name>.debug_abbrev</name>
         <load_address>0xe9d</load_address>
         <run_address>0xe9d</run_address>
         <size>0x279</size>
         <alignment>0x1</alignment>
         <input_file_ref idref="fl-b"/>
      </object_component>
      <object_component id="oc-67">
         <name>.debug_abbrev</name>
         <load_address>0x1116</load_address>
         <run_address>0x1116</run_address>
         <size>0x20b</size>
         <alignment>0x1</alignment>
         <input_file_ref idref="fl-c"/>
      </object_component>
      <object_component id="oc-188">
         <name>.debug_abbrev</name>
         <load_address>0x1321</load_address>
         <run_address>0x1321</run_address>
         <size>0x62</size>
         <alignment>0x1</alignment>
         <input_file_ref idref="fl-1a"/>
      </object_component>
      <object_component id="oc-18b">
         <name>.debug_abbrev</name>
         <load_address>0x1383</load_address>
         <run_address>0x1383</run_address>
         <size>0x1e7</size>
         <alignment>0x1</alignment>
         <input_file_ref idref="fl-1b"/>
      </object_component>
      <object_component id="oc-18d">
         <name>.debug_abbrev</name>
         <load_address>0x156a</load_address>
         <run_address>0x156a</run_address>
         <size>0x286</size>
         <alignment>0x1</alignment>
         <input_file_ref idref="fl-1c"/>
      </object_component>
      <object_component id="oc-1b3">
         <name>.debug_abbrev</name>
         <load_address>0x17f0</load_address>
         <run_address>0x17f0</run_address>
         <size>0x218</size>
         <alignment>0x1</alignment>
         <input_file_ref idref="fl-1d"/>
      </object_component>
      <object_component id="oc-41">
         <name>.debug_abbrev</name>
         <load_address>0x1a08</load_address>
         <run_address>0x1a08</run_address>
         <size>0xaf</size>
         <alignment>0x1</alignment>
         <input_file_ref idref="fl-34"/>
      </object_component>
      <object_component id="oc-16c">
         <name>.debug_abbrev</name>
         <load_address>0x1ab7</load_address>
         <run_address>0x1ab7</run_address>
         <size>0x170</size>
         <alignment>0x1</alignment>
         <input_file_ref idref="fl-36"/>
      </object_component>
      <object_component id="oc-8f">
         <name>.debug_abbrev</name>
         <load_address>0x1c27</load_address>
         <run_address>0x1c27</run_address>
         <size>0x39</size>
         <alignment>0x1</alignment>
         <input_file_ref idref="fl-37"/>
      </object_component>
      <object_component id="oc-6c">
         <name>.debug_abbrev</name>
         <load_address>0x1c60</load_address>
         <run_address>0x1c60</run_address>
         <size>0xc2</size>
         <alignment>0x1</alignment>
         <input_file_ref idref="fl-39"/>
      </object_component>
      <object_component id="oc-166">
         <name>.debug_abbrev</name>
         <load_address>0x1d22</load_address>
         <run_address>0x1d22</run_address>
         <size>0x98</size>
         <alignment>0x1</alignment>
         <input_file_ref idref="fl-3c"/>
      </object_component>
      <object_component id="oc-1a8">
         <name>.debug_abbrev</name>
         <load_address>0x1dba</load_address>
         <run_address>0x1dba</run_address>
         <size>0x2c</size>
         <alignment>0x1</alignment>
         <input_file_ref idref="fl-de"/>
      </object_component>
      <object_component id="oc-1a7">
         <name>.debug_abbrev</name>
         <load_address>0x1de6</load_address>
         <run_address>0x1de6</run_address>
         <size>0x27</size>
         <alignment>0x1</alignment>
         <input_file_ref idref="fl-df"/>
      </object_component>
      <object_component id="oc-1a4">
         <name>.debug_abbrev</name>
         <load_address>0x1e0d</load_address>
         <run_address>0x1e0d</run_address>
         <size>0x27</size>
         <alignment>0x1</alignment>
         <input_file_ref idref="fl-e0"/>
      </object_component>
      <object_component id="oc-1a5">
         <name>.debug_abbrev</name>
         <load_address>0x1e34</load_address>
         <run_address>0x1e34</run_address>
         <size>0x27</size>
         <alignment>0x1</alignment>
         <input_file_ref idref="fl-e1"/>
      </object_component>
      <object_component id="oc-1a6">
         <name>.debug_abbrev</name>
         <load_address>0x1e5b</load_address>
         <run_address>0x1e5b</run_address>
         <size>0x27</size>
         <alignment>0x1</alignment>
         <input_file_ref idref="fl-e2"/>
      </object_component>
      <object_component id="oc-19f">
         <name>.debug_abbrev</name>
         <load_address>0x1e82</load_address>
         <run_address>0x1e82</run_address>
         <size>0x27</size>
         <alignment>0x1</alignment>
         <input_file_ref idref="fl-e3"/>
      </object_component>
      <object_component id="oc-1c5">
         <name>.debug_abbrev</name>
         <load_address>0x1ea9</load_address>
         <run_address>0x1ea9</run_address>
         <size>0x27</size>
         <alignment>0x1</alignment>
         <input_file_ref idref="fl-e4"/>
      </object_component>
      <object_component id="oc-1c3">
         <name>.debug_abbrev</name>
         <load_address>0x1ed0</load_address>
         <run_address>0x1ed0</run_address>
         <size>0x27</size>
         <alignment>0x1</alignment>
         <input_file_ref idref="fl-e5"/>
      </object_component>
      <object_component id="oc-8e">
         <name>.debug_abbrev</name>
         <load_address>0x1ef7</load_address>
         <run_address>0x1ef7</run_address>
         <size>0x25</size>
         <alignment>0x1</alignment>
         <input_file_ref idref="fl-e7"/>
      </object_component>
      <object_component id="oc-194">
         <name>.debug_abbrev</name>
         <load_address>0x1f1c</load_address>
         <run_address>0x1f1c</run_address>
         <size>0x27</size>
         <alignment>0x1</alignment>
         <input_file_ref idref="fl-e8"/>
      </object_component>
      <object_component id="oc-1c6">
         <name>.debug_abbrev</name>
         <load_address>0x1f43</load_address>
         <run_address>0x1f43</run_address>
         <size>0x25</size>
         <alignment>0x1</alignment>
         <input_file_ref idref="fl-e9"/>
      </object_component>
      <object_component id="oc-1c4">
         <name>.debug_abbrev</name>
         <load_address>0x1f68</load_address>
         <run_address>0x1f68</run_address>
         <size>0x27</size>
         <alignment>0x1</alignment>
         <input_file_ref idref="fl-ea"/>
      </object_component>
      <object_component id="oc-1b6">
         <name>.debug_abbrev</name>
         <load_address>0x1f8f</load_address>
         <run_address>0x1f8f</run_address>
         <size>0x59</size>
         <alignment>0x1</alignment>
         <input_file_ref idref="fl-eb"/>
      </object_component>
      <object_component id="oc-172">
         <name>.debug_abbrev</name>
         <load_address>0x1fe8</load_address>
         <run_address>0x1fe8</run_address>
         <size>0x25</size>
         <alignment>0x1</alignment>
         <input_file_ref idref="fl-ed"/>
      </object_component>
      <object_component id="oc-20c">
         <name>.debug_abbrev</name>
         <load_address>0x200d</load_address>
         <run_address>0x200d</run_address>
         <size>0xf</size>
         <alignment>0x0</alignment>
      </object_component>
      <object_component id="oc-79">
         <name>.debug_info</name>
         <load_address>0x0</load_address>
         <run_address>0x0</run_address>
         <size>0x6fc</size>
         <alignment>0x1</alignment>
         <input_file_ref idref="fl-1"/>
      </object_component>
      <object_component id="oc-94">
         <name>.debug_info</name>
         <load_address>0x6fc</load_address>
         <run_address>0x6fc</run_address>
         <size>0x3830</size>
         <alignment>0x1</alignment>
         <input_file_ref idref="fl-2"/>
      </object_component>
      <object_component id="oc-19">
         <name>.debug_info</name>
         <load_address>0x3f2c</load_address>
         <run_address>0x3f2c</run_address>
         <size>0x80</size>
         <alignment>0x1</alignment>
         <input_file_ref idref="fl-3"/>
      </object_component>
      <object_component id="oc-b2">
         <name>.debug_info</name>
         <load_address>0x3fac</load_address>
         <run_address>0x3fac</run_address>
         <size>0x5d7</size>
         <alignment>0x1</alignment>
         <input_file_ref idref="fl-4"/>
      </object_component>
      <object_component id="oc-b7">
         <name>.debug_info</name>
         <load_address>0x4583</load_address>
         <run_address>0x4583</run_address>
         <size>0x220</size>
         <alignment>0x1</alignment>
         <input_file_ref idref="fl-5"/>
      </object_component>
      <object_component id="oc-ad">
         <name>.debug_info</name>
         <load_address>0x47a3</load_address>
         <run_address>0x47a3</run_address>
         <size>0x89c</size>
         <alignment>0x1</alignment>
         <input_file_ref idref="fl-6"/>
      </object_component>
      <object_component id="oc-38">
[...]
         <value>0x5d47</value>
         <object_component_ref idref="oc-33"/>
      </symbol>
      <symbol id="sm-ab">
         <name>PendSV_Handler</name>
         <value>0x5d47</value>
         <object_component_ref idref="oc-33"/>
      </symbol>
      <symbol id="sm-ac">
         <name>SysTick_Handler</name>
         <value>0x5d47</value>
         <object_component_ref idref="oc-33"/>
      </symbol>
      <symbol id="sm-ad">
         <name>GROUP0_IRQHandler</name>
         <value>0x5d47</value>
         <object_component_ref idref="oc-33"/>
      </symbol>
      <symbol id="sm-ae">
         <name>TIMG8_IRQHandler</name>
         <value>0x5d47</value>
         <object_component_ref idref="oc-33"/>
      </symbol>
      <symbol id="sm-af">
         <name>UART3_IRQHandler</name>
         <value>0x5d47</value>
         <object_component_ref idref="oc-33"/>
      </symbol>
      <symbol id="sm-b0">
         <name>ADC0_IRQHandler</name>
         <value>0x5d47</value>
         <object_component_ref idref="oc-33"/>
      </symbol>
      <symbol id="sm-b1">
         <name>ADC1_IRQHandler</name>
         <value>0x5d47</value>
         <object_component_ref idref="oc-33"/>
      </symbol>
      <symbol id="sm-b2">
         <name>CANFD0_IRQHandler</name>
         <value>0x5d47</value>
         <object_component_ref idref="oc-33"/>
      </symbol>
      <symbol id="sm-b3">
         <name>DAC0_IRQHandler</name>
         <value>0x5d47</value>
         <object_component_ref idref="oc-33"/>
      </symbol>
      <symbol id="sm-b4">
         <name>SPI0_IRQHandler</name>
         <value>0x5d47</value>
         <object_component_ref idref="oc-33"/>
      </symbol>
      <symbol id="sm-b5">
         <name>SPI1_IRQHandler</name>
         <value>0x5d47</value>
         <object_component_ref idref="oc-33"/>
      </symbol>
      <symbol id="sm-b6">
         <name>UART1_IRQHandler</name>
         <value>0x5d47</value>
         <object_component_ref idref="oc-33"/>
      </symbol>
      <symbol id="sm-b7">
         <name>UART2_IRQHandler</name>
         <value>0x5d47</value>
         <object_component_ref idref="oc-33"/>
      </symbol>
      <symbol id="sm-b8">
         <name>UART0_IRQHandler</name>
         <value>0x5d47</value>
         <object_component_ref idref="oc-33"/>
      </symbol>
      <symbol id="sm-b9">
         <name>TIMG0_IRQHandler</name>
         <value>0x5d47</value>
         <object_component_ref idref="oc-33"/>
      </symbol>
      <symbol id="sm-ba">
         <name>TIMG6_IRQHandler</name>
         <value>0x5d47</value>
         <object_component_ref idref="oc-33"/>
      </symbol>
      <symbol id="sm-bb">
         <name>TIMA1_IRQHandler</name>
         <value>0x5d47</value>
         <object_component_ref idref="oc-33"/>
      </symbol>
      <symbol id="sm-bc">
         <name>TIMG7_IRQHandler</name>
         <value>0x5d47</value>
         <object_component_ref idref="oc-33"/>
      </symbol>
      <symbol id="sm-bd">
         <name>TIMG12_IRQHandler</name>
         <value>0x5d47</value>
         <object_component_ref idref="oc-33"/>
      </symbol>
      <symbol id="sm-be">
         <name>I2C0_IRQHandler</name>
         <value>0x5d47</value>
         <object_component_ref idref="oc-33"/>
      </symbol>
      <symbol id="sm-bf">
         <name>I2C1_IRQHandler</name>
         <value>0x5d47</value>
         <object_component_ref idref="oc-33"/>
      </symbol>
      <symbol id="sm-c0">
         <name>AES_IRQHandler</name>
         <value>0x5d47</value>
         <object_component_ref idref="oc-33"/>
      </symbol>
      <symbol id="sm-c1">
         <name>RTC_IRQHandler</name>
         <value>0x5d47</value>
         <object_component_ref idref="oc-33"/>
      </symbol>
      <symbol id="sm-c2">
         <name>DMA_IRQHandler</name>
         <value>0x5d47</value>
         <object_component_ref idref="oc-33"/>
      </symbol>
      <symbol id="sm-fd">
         <name>LineFollow_Init</name>
         <value>0x5ec5</value>
         <object_component_ref idref="oc-b1"/>
      </symbol>
      <symbol id="sm-fe">
         <name>LineFollow_Update</name>
         <value>0x3f95</value>
         <object_component_ref idref="oc-140"/>
      </symbol>
      <symbol id="sm-ff">
         <name>LineFollow_GetTurnDiff</name>
         <value>0x6695</value>
         <object_component_ref idref="oc-158"/>
      </symbol>
      <symbol id="sm-100">
         <name>LineFollow_GetBaseSpeed</name>
         <value>0x6689</value>
         <object_component_ref idref="oc-159"/>
      </symbol>
      <symbol id="sm-101">
         <name>LineFollow_ConsumeRightAngleEvent</name>
         <value>0x6619</value>
         <object_component_ref idref="oc-141"/>
      </symbol>
      <symbol id="sm-11a">
         <name>VelocityPid_Init</name>
         <value>0x64f9</value>
         <object_component_ref idref="oc-b6"/>
      </symbol>
      <symbol id="sm-11b">
         <name>VelocityPid_Reset</name>
         <value>0x651d</value>
         <object_component_ref idref="oc-c6"/>
      </symbol>
      <symbol id="sm-11c">
         <name>VelocityPid_Compute</name>
         <value>0x5025</value>
         <object_component_ref idref="oc-15e"/>
      </symbol>
      <symbol id="sm-14a">
         <name>Button_Init</name>
         <value>0x60f1</value>
         <object_component_ref idref="oc-ab"/>
      </symbol>
      <symbol id="sm-14b">
         <name>Button_Update</name>
         <value>0x5c3d</value>
         <object_component_ref idref="oc-c0"/>
      </symbol>
      <symbol id="sm-14c">
         <name>Button_IsRunning</name>
         <value>0x667d</value>
         <object_component_ref idref="oc-c4"/>
      </symbol>
      <symbol id="sm-14d">
         <name>Button_NotifyRightAngle</name>
         <value>0x61f1</value>
         <object_component_ref idref="oc-142"/>
      </symbol>
      <symbol id="sm-14e">
         <name>Button_Stop</name>
         <value>0x65cd</value>
         <object_component_ref idref="oc-160"/>
      </symbol>
      <symbol id="sm-14f">
         <name>Button_GetTargetLaps</name>
         <value>0x6665</value>
         <object_component_ref idref="oc-145"/>
      </symbol>
      <symbol id="sm-150">
         <name>Button_GetCurrentLaps</name>
         <value>0x6659</value>
         <object_component_ref idref="oc-144"/>
      </symbol>
      <symbol id="sm-151">
         <name>Button_IsLapComplete</name>
         <value>0x6671</value>
         <object_component_ref idref="oc-143"/>
      </symbol>
      <symbol id="sm-169">
         <name>Encoder_Init</name>
         <value>0x6431</value>
         <object_component_ref idref="oc-b0"/>
      </symbol>
      <symbol id="sm-16a">
         <name>Encoder_ReadLeft</name>
         <value>0x65e1</value>
         <object_component_ref idref="oc-146"/>
      </symbol>
      <symbol id="sm-16b">
         <name>Encoder_ReadRight</name>
         <value>0x65f5</value>
         <object_component_ref idref="oc-147"/>
      </symbol>
      <symbol id="sm-16c">
         <name>GROUP1_IRQHandler</name>
         <value>0x6131</value>
         <object_component_ref idref="oc-34"/>
      </symbol>
      <symbol id="sm-17f">
         <name>I2C_Init</name>
         <value>0x5e6b</value>
         <object_component_ref idref="oc-a1"/>
      </symbol>
      <symbol id="sm-180">
         <name>I2C_ReadLineSensors</name>
         <value>0x4509</value>
         <object_component_ref idref="oc-c2"/>
      </symbol>
      <symbol id="sm-189">
         <name>LED_Init</name>
         <value>0x631b</value>
         <object_component_ref idref="oc-9c"/>
      </symbol>
      <symbol id="sm-19a">
         <name>Motor_Init</name>
         <value>0x6015</value>
         <object_component_ref idref="oc-a6"/>
      </symbol>
      <symbol id="sm-19b">
         <name>Motor_Stop</name>
         <value>0x6171</value>
         <object_component_ref idref="oc-c5"/>
      </symbol>
      <symbol id="sm-19c">
         <name>Motor_SetPwm</name>
         <value>0x59e5</value>
         <object_component_ref idref="oc-15f"/>
      </symbol>
      <symbol id="sm-1d5">
         <name>OLED_Refresh</name>
         <value>0x38a5</value>
         <object_component_ref idref="oc-108"/>
      </symbol>
      <symbol id="sm-1d6">
         <name>OLED_GRAM</name>
         <value>0x20200000</value>
      </symbol>
      <symbol id="sm-1d7">
         <name>asc2_1206</name>
         <value>0x7a24</value>
         <object_component_ref idref="oc-197"/>
      </symbol>
      <symbol id="sm-1d8">
         <name>asc2_1608</name>
         <value>0x7434</value>
         <object_component_ref idref="oc-196"/>
      </symbol>
      <symbol id="sm-1d9">
         <name>asc2_2412</name>
         <value>0x66d8</value>
         <object_component_ref idref="oc-195"/>
      </symbol>
      <symbol id="sm-1da">
         <name>OLED_ShowString</name>
         <value>0x4dc5</value>
         <object_component_ref idref="oc-138"/>
      </symbol>
      <symbol id="sm-1db">
         <name>OLED_Init</name>
         <value>0xc1</value>
         <object_component_ref idref="oc-96"/>
      </symbol>
      <symbol id="sm-1f6">
         <name>TIMER_Init</name>
         <value>0x6541</value>
         <object_component_ref idref="oc-bb"/>
      </symbol>
      <symbol id="sm-1f7">
         <name>TIMER_RegisterCallback</name>
         <value>0x66a1</value>
         <object_component_ref idref="oc-bc"/>
      </symbol>
      <symbol id="sm-1f8">
         <name>TIMER_Start</name>
         <value>0x6639</value>
         <object_component_ref idref="oc-bd"/>
      </symbol>
      <symbol id="sm-1f9">
         <name>TIMER_GetTick</name>
         <value>0x6629</value>
         <object_component_ref idref="oc-bf"/>
      </symbol>
      <symbol id="sm-1fa">
         <name>TIMA0_IRQHandler</name>
         <value>0x6401</value>
         <object_component_ref idref="oc-3a"/>
      </symbol>
      <symbol id="sm-1fb">
         <name>__TI_ATRegion0_src_addr</name>
         <value>0x0</value>
      </symbol>
      <symbol id="sm-1fc">
         <name>__TI_ATRegion0_trg_addr</name>
         <value>0x0</value>
      </symbol>
      <symbol id="sm-1fd">
         <name>__TI_ATRegion0_region_sz</name>
         <value>0x0</value>
      </symbol>
      <symbol id="sm-1fe">
         <name>__TI_ATRegion1_src_addr</name>
         <value>0x0</value>
      </symbol>
      <symbol id="sm-1ff">
         <name>__TI_ATRegion1_trg_addr</name>
         <value>0x0</value>
      </symbol>
      <symbol id="sm-200">
         <name>__TI_ATRegion1_region_sz</name>
         <value>0x0</value>
      </symbol>
      <symbol id="sm-201">
         <name>__TI_ATRegion2_src_addr</name>
         <value>0x0</value>
      </symbol>
      <symbol id="sm-202">
         <name>__TI_ATRegion2_trg_addr</name>
         <value>0x0</value>
      </symbol>
      <symbol id="sm-203">
         <name>__TI_ATRegion2_region_sz</name>
         <value>0x0</value>
      </symbol>
      <symbol id="sm-20c">
         <name>DL_Common_delayCycles</name>
         <value>0x66b9</value>
         <object_component_ref idref="oc-fd"/>
      </symbol>
      <symbol id="sm-218">
         <name>DL_I2C_setClockConfig</name>
         <value>0x64d1</value>
         <object_component_ref idref="oc-185"/>
      </symbol>
      <symbol id="sm-219">
         <name>DL_I2C_fillControllerTXFIFO</name>
         <value>0x5e0d</value>
         <object_component_ref idref="oc-101"/>
      </symbol>
      <symbol id="sm-235">
         <name>DL_Timer_setClockConfig</name>
         <value>0x6599</value>
         <object_component_ref idref="oc-17c"/>
      </symbol>
      <symbol id="sm-236">
         <name>DL_Timer_initTimerMode</name>
         <value>0x54bd</value>
         <object_component_ref idref="oc-182"/>
      </symbol>
      <symbol id="sm-237">
         <name>DL_Timer_setCaptureCompareValue</name>
         <value>0x6609</value>
         <object_component_ref idref="oc-10f"/>
      </symbol>
      <symbol id="sm-238">
         <name>DL_Timer_setCaptCompUpdateMethod</name>
         <value>0x657d</value>
         <object_component_ref idref="oc-17f"/>
      </symbol>
      <symbol id="sm-239">
         <name>DL_Timer_setCaptureCompareOutCtl</name>
         <value>0x65b5</value>
         <object_component_ref idref="oc-17e"/>
      </symbol>
      <symbol id="sm-23a">
         <name>DL_Timer_initFourCCPWMMode</name>
         <value>0x53b9</value>
         <object_component_ref idref="oc-17d"/>
      </symbol>
      <symbol id="sm-24b">
         <name>DL_SYSCTL_configSYSPLL</name>
         <value>0x5699</value>
         <object_component_ref idref="oc-173"/>
      </symbol>
      <symbol id="sm-24c">
         <name>DL_SYSCTL_switchMCLKfromSYSOSCtoHSCLK</name>
         <value>0x60ad</value>
         <object_component_ref idref="oc-17a"/>
      </symbol>
      <symbol id="sm-24d">
         <name>DL_SYSCTL_configFCC</name>
         <value>0x6561</value>
         <object_component_ref idref="oc-1b5"/>
      </symbol>
      <symbol id="sm-258">
         <name>_c_int00_noargs</name>
         <value>0x64a9</value>
         <object_component_ref idref="oc-5a"/>
      </symbol>
      <symbol id="sm-259">
         <name>__stack</name>
         <value>0x20207e00</value>
         <object_component_ref idref="oc-1a"/>
      </symbol>
      <symbol id="sm-265">
         <name>__TI_auto_init_nobinit_nopinit</name>
         <value>0x62a5</value>
         <object_component_ref idref="oc-d7"/>
      </symbol>
      <symbol id="sm-26d">
         <name>_system_pre_init</name>
         <value>0x66d1</value>
         <object_component_ref idref="oc-73"/>
      </symbol>
      <symbol id="sm-278">
         <name>__TI_zero_init</name>
         <value>0x6649</value>
         <object_component_ref idref="oc-57"/>
      </symbol>
      <symbol id="sm-284">
         <name>abort</name>
         <value>0x66c3</value>
         <object_component_ref idref="oc-d0"/>
      </symbol>
      <symbol id="sm-28e">
         <name>HOSTexit</name>
         <value>0x66c9</value>
         <object_component_ref idref="oc-162"/>
      </symbol>
      <symbol id="sm-28f">
         <name>C$$EXIT</name>
         <value>0x66c8</value>
         <object_component_ref idref="oc-162"/>
      </symbol>
      <symbol id="sm-295">
         <name>__aeabi_fadd</name>
         <value>0x585b</value>
         <object_component_ref idref="oc-15a"/>
      </symbol>
      <symbol id="sm-296">
         <name>__addsf3</name>
         <value>0x585b</value>
         <object_component_ref idref="oc-15a"/>
      </symbol>
      <symbol id="sm-297">
         <name>__aeabi_fsub</name>
         <value>0x5851</value>
         <object_component_ref idref="oc-15a"/>
      </symbol>
      <symbol id="sm-298">
         <name>__subsf3</name>
         <value>0x5851</value>
         <object_component_ref idref="oc-15a"/>
      </symbol>
      <symbol id="sm-29e">
         <name>__aeabi_fmul</name>
         <value>0x5bb1</value>
         <object_component_ref idref="oc-14c"/>
      </symbol>
      <symbol id="sm-29f">
         <name>__mulsf3</name>
         <value>0x5bb1</value>
         <object_component_ref idref="oc-14c"/>
      </symbol>
      <symbol id="sm-2a5">
         <name>__aeabi_fdiv</name>
         <value>0x5cc5</value>
         <object_component_ref idref="oc-150"/>
      </symbol>
      <symbol id="sm-2a6">
         <name>__divsf3</name>
         <value>0x5cc5</value>
         <object_component_ref idref="oc-150"/>
      </symbol>
      <symbol id="sm-2ac">
         <name>__aeabi_f2iz</name>
         <value>0x63c9</value>
         <object_component_ref idref="oc-154"/>
      </symbol>
      <symbol id="sm-2ad">
         <name>__fixsfsi</name>
         <value>0x63c9</value>
         <object_component_ref idref="oc-154"/>
      </symbol>
      <symbol id="sm-2b3">
         <name>__aeabi_i2f</name>
         <value>0x622d</value>
         <object_component_ref idref="oc-148"/>
      </symbol>
      <symbol id="sm-2b4">
         <name>__floatsisf</name>
         <value>0x622d</value>
         <object_component_ref idref="oc-148"/>
      </symbol>
      <symbol id="sm-2ba">
         <name>__aeabi_ui2f</name>
         <value>0x6481</value>
         <object_component_ref idref="oc-1b9"/>
      </symbol>
      <symbol id="sm-2bb">
         <name>__floatunsisf</name>
         <value>0x6481</value>
         <object_component_ref idref="oc-1b9"/>
      </symbol>
      <symbol id="sm-2c1">
         <name>__aeabi_fcmpeq</name>
         <value>0x5d49</value>
         <object_component_ref idref="oc-199"/>
      </symbol>
      <symbol id="sm-2c2">
         <name>__aeabi_fcmplt</name>
         <value>0x5d5d</value>
         <object_component_ref idref="oc-199"/>
      </symbol>
      <symbol id="sm-2c3">
         <name>__aeabi_fcmple</name>
         <value>0x5d71</value>
         <object_component_ref idref="oc-199"/>
      </symbol>
      <symbol id="sm-2c4">
         <name>__aeabi_fcmpge</name>
         <value>0x5d85</value>
         <object_component_ref idref="oc-199"/>
      </symbol>
      <symbol id="sm-2c5">
         <name>__aeabi_fcmpgt</name>
         <value>0x5d99</value>
         <object_component_ref idref="oc-199"/>
      </symbol>
      <symbol id="sm-2cc">
         <name>__aeabi_memclr</name>
         <value>0x66ad</value>
         <object_component_ref idref="oc-6e"/>
      </symbol>
      <symbol id="sm-2cd">
         <name>__aeabi_memclr4</name>
         <value>0x66ad</value>
         <object_component_ref idref="oc-6e"/>
      </symbol>
      <symbol id="sm-2ce">
         <name>__aeabi_memclr8</name>
         <value>0x66ad</value>
         <object_component_ref idref="oc-6e"/>
      </symbol>
      <symbol id="sm-2d4">
         <name>__aeabi_uidiv</name>
         <value>0x61b1</value>
         <object_component_ref idref="oc-134"/>
      </symbol>
      <symbol id="sm-2d5">
         <name>__aeabi_uidivmod</name>
         <value>0x61b1</value>
         <object_component_ref idref="oc-134"/>
      </symbol>
      <symbol id="sm-2de">
         <name>__eqsf2</name>
         <value>0x62e1</value>
         <object_component_ref idref="oc-1bd"/>
      </symbol>
      <symbol id="sm-2df">
         <name>__lesf2</name>
         <value>0x62e1</value>
         <object_component_ref idref="oc-1bd"/>
      </symbol>
      <symbol id="sm-2e0">
         <name>__ltsf2</name>
         <value>0x62e1</value>
         <object_component_ref idref="oc-1bd"/>
      </symbol>
      <symbol id="sm-2e1">
         <name>__nesf2</name>
         <value>0x62e1</value>
         <object_component_ref idref="oc-1bd"/>
      </symbol>
      <symbol id="sm-2e2">
         <name>__cmpsf2</name>
         <value>0x62e1</value>
         <object_component_ref idref="oc-1bd"/>
      </symbol>
      <symbol id="sm-2e3">
         <name>__gtsf2</name>
         <value>0x6269</value>
         <object_component_ref idref="oc-1c2"/>
      </symbol>
      <symbol id="sm-2e4">
         <name>__gesf2</name>
         <value>0x6269</value>
         <object_component_ref idref="oc-1c2"/>
      </symbol>
      <symbol id="sm-2ea">
         <name>__muldsi3</name>
         <value>0x631d</value>
         <object_component_ref idref="oc-1a0"/>
      </symbol>
      <symbol id="sm-2f4">
         <name>__aeabi_idiv0</name>
         <value>0x6357</value>
         <object_component_ref idref="oc-18f"/>
      </symbol>
      <symbol id="sm-303">
         <name>memset</name>
         <value>0x5dab</value>
         <object_component_ref idref="oc-ef"/>
      </symbol>
      <symbol id="sm-304">
         <name>__TI_static_base__</name>
         <value>0x0</value>
      </symbol>
      <symbol id="sm-306">
         <name>__mpu_init</name>
         <value>0x0</value>
      </symbol>
      <symbol id="sm-307">
         <name>_system_post_cinit</name>
         <value>0x0</value>
      </symbol>
   </symbol_table>
   <title>Link successful</title>
</link_info>
